============================= test session starts =============================
platform win32 -- Python 3.9.0, pytest-8.4.2, pluggy-1.6.0 -- C:\Users\43480\AppData\Local\Programs\Python\Python39\python.exe
cachedir: .pytest_cache
rootdir: c:\Users\43480\Desktop\envision
configfile: pyproject.toml
plugins: anyio-4.12.1, langsmith-0.4.37, asyncio-1.2.0, cov-7.0.0, mock-3.15.1, xdist-3.8.0
asyncio: mode=strict, debug=False, asyncio_default_fixture_loop_scope=None, asyncio_default_test_loop_scope=function
collecting ... collected 540 items

src/tests/test_ahp.py::TestAHPFusionEngine::test_engine_init PASSED      [  0%]
src/tests/test_ahp.py::TestAHPFusionEngine::test_build_matrix PASSED     [  0%]
src/tests/test_ahp.py::TestAHPFusionEngine::test_build_matrix_from_array PASSED [  0%]
src/tests/test_ahp.py::TestAHPFusionEngine::test_calculate_weights PASSED [  0%]
src/tests/test_ahp.py::TestAHPFusionEngine::test_is_consistent PASSED    [  0%]
src/tests/test_ahp.py::TestAHPFusionEngine::test_get_weights_dict PASSED [  1%]
src/tests/test_ahp.py::TestAHPFusionEngine::test_get_consistency_report PASSED [  1%]
src/tests/test_ahp.py::TestAHPFusionEngine::test_reset PASSED            [  1%]
src/tests/test_ahp.py::TestAHPFusionEngine::test_auto_correct_matrix PASSED [  1%]
src/tests/test_ahp.py::TestAHPResult::test_ahp_result_creation PASSED    [  1%]
src/tests/test_app_enhanced_extended.py::TestRenderAppEnhanced::test_render_app_competitor_page FAILED [  2%]
src/tests/test_app_enhanced_extended.py::TestRenderAppEnhanced::test_render_app_gap_page FAILED [  2%]
src/tests/test_app_enhanced_extended.py::TestRenderAppEnhanced::test_render_app_home_page FAILED [  2%]
src/tests/test_app_enhanced_extended.py::TestRenderAppEnhanced::test_render_app_materiality_page FAILED [  2%]
src/tests/test_app_enhanced_extended.py::TestRenderAppEnhanced::test_render_app_rag_page FAILED [  2%]
src/tests/test_app_enhanced_extended.py::TestRenderAppEnhanced::test_render_app_strategies_page FAILED [  2%]
src/tests/test_app_enhanced_extended.py::TestRenderAppEnhanced::test_render_app_timing_page FAILED [  3%]
src/tests/test_app_enhanced_extended.py::TestRenderAppEnhanced::test_render_app_topics_page FAILED [  3%]
src/tests/test_app_enhanced_extended.py::TestRenderAppEnhanced::test_render_app_unknown_page FAILED [  3%]
src/tests/test_app_enhanced_extended.py::TestRenderAppEnhanced::test_render_app_weights_page FAILED [  3%]
src/tests/test_chat_history.py::TestChatHistory::test_chat_history_init PASSED [  3%]
src/tests/test_chat_history.py::TestChatHistory::test_add_user_message PASSED [  4%]
src/tests/test_chat_history.py::TestChatHistory::test_add_assistant_message PASSED [  4%]
src/tests/test_chat_history.py::TestChatHistory::test_add_multiple_messages PASSED [  4%]
src/tests/test_chat_history.py::TestChatHistory::test_clear PASSED       [  4%]
src/tests/test_chroma_store.py::TestChromaDBStore::test_import_chromadb PASSED [  4%]
src/tests/test_chroma_store.py::TestChromaDBStore::test_chromadb_store_init PASSED [  5%]
src/tests/test_chroma_store.py::TestChromaDBStore::test_chromadb_store_methods PASSED [  5%]
src/tests/test_chroma_store.py::TestVectorStore::test_import_vector_store PASSED [  5%]
src/tests/test_chroma_store_extended.py::TestChromaDBStoreInit::test_chromadb_store_init PASSED [  5%]
src/tests/test_chroma_store_extended.py::TestChromaDBStoreMethods::test_chromadb_store_methods PASSED [  5%]
src/tests/test_chroma_store_extended.py::TestChromaDBStoreGenerateId::test_generate_id PASSED [  5%]
src/tests/test_chroma_store_extended.py::TestChromaDBStoreGenerateId::test_generate_id_empty_text PASSED [  6%]
src/tests/test_chroma_store_extended.py::TestChromaDBStoreAddDocument::test_add_document PASSED [  6%]
src/tests/test_chroma_store_extended.py::TestChromaDBStoreSearch::test_search_empty_knowledge_base PASSED [  6%]
src/tests/test_chroma_store_extended.py::TestChromaDBStoreSearch::test_search_with_results PASSED [  6%]
src/tests/test_chroma_store_extended.py::TestChromaDBStoreCount::test_count_with_collection PASSED [  6%]
src/tests/test_chroma_store_extended.py::TestChromaDBStoreCount::test_count_without_collection PASSED [  7%]
src/tests/test_chroma_store_extended.py::TestChromaDBStoreIsAvailable::test_is_available_false PASSED [  7%]
src/tests/test_chroma_store_extended.py::TestChromaDBStoreIsAvailable::test_is_available_true PASSED [  7%]
src/tests/test_chroma_store_extended.py::TestChromaDBStoreDelete::test_delete_document PASSED [  7%]
src/tests/test_chroma_store_extended.py::TestChromaDBStoreDelete::test_delete_document_no_collection PASSED [  7%]
src/tests/test_chroma_store_extended.py::TestChromaDBStoreClear::test_clear PASSED [  7%]
src/tests/test_chroma_store_extended.py::TestVectorStoreAlias::test_vector_store_alias PASSED [  8%]
src/tests/test_chroma_store_extended.py::TestGetChromaDbError::test_get_chromadb_error PASSED [  8%]
src/tests/test_chroma_store_extended.py::TestChromaDBStoreAutoLoad::test_auto_load_from_directory_nonexistent PASSED [  8%]
src/tests/test_competitor_feature.py::TestCompetitorAnalyzer::test_competitor_analyzer_init PASSED [  8%]
src/tests/test_competitor_feature.py::TestCompetitorAnalyzer::test_generate_analysis PASSED [  8%]
src/tests/test_competitor_feature.py::TestCompetitorAnalyzer::test_generate_comparison_table PASSED [  9%]
src/tests/test_competitor_feature.py::TestCompetitorAnalyzer::test_get_innovation_highlights PASSED [  9%]
src/tests/test_competitor_feature.py::TestCompetitorAnalyzer::test_get_overall_comparison PASSED [  9%]
src/tests/test_competitor_feature.py::TestCompetitorAnalyzer::test_gap_data_preserved PASSED [  9%]
src/tests/test_competitor_feature.py::TestCompetitorAnalyzerIsolation::test_with_mocked_analyzer PASSED [  9%]
src/tests/test_compliance.py::test_config_loading PASSED                 [ 10%]
src/tests/test_compliance.py::test_compliance_checker PASSED             [ 10%]
src/tests/test_compliance.py::test_report_generator PASSED               [ 10%]
src/tests/test_data_completion.py::TestDataCompletionEngine::test_complete_with_missing_fields PASSED [ 10%]
src/tests/test_data_completion.py::TestDataCompletionEngine::test_complete_with_specific_fields PASSED [ 10%]
src/tests/test_data_completion.py::TestDataCompletionEngine::test_complete_with_min_confidence PASSED [ 10%]
src/tests/test_data_completion.py::TestDataCompletionEngine::test_complete_with_all_valid_fields PASSED [ 11%]
src/tests/test_data_completion.py::TestDataCompletionEngine::test_get_completion_summary PASSED [ 11%]
src/tests/test_data_completion.py::TestDataCompletionEngine::test_get_completion_summary_empty PASSED [ 11%]
src/tests/test_data_completion.py::TestCompletionLog::test_completion_log_creation PASSED [ 11%]
src/tests/test_data_completion.py::TestCompletionResult::test_completion_result_creation PASSED [ 11%]
src/tests/test_data_completion.py::TestDataCompletionEngineWithBenchmark::test_complete_with_benchmark PASSED [ 12%]
src/tests/test_data_completion.py::TestDataCompletionEngineWithHistorical::test_complete_with_historical PASSED [ 12%]
src/tests/test_document_loader.py::TestDocumentLoader::test_import_document_loader PASSED [ 12%]
src/tests/test_document_loader.py::TestDocumentLoader::test_document_loader_basic PASSED [ 12%]
src/tests/test_document_loader.py::TestDocumentLoader::test_document_loader_methods PASSED [ 12%]
src/tests/test_document_loader.py::TestDocumentLoaderEdgeCases::test_empty_directory PASSED [ 12%]
src/tests/test_document_loader.py::TestDocumentLoaderEdgeCases::test_nonexistent_directory PASSED [ 13%]
src/tests/test_document_loader_extended.py::TestDocumentLoaderFull::test_document_loader_init_with_none PASSED [ 13%]
src/tests/test_document_loader_extended.py::TestDocumentLoaderFull::test_document_loader_init_with_path PASSED [ 13%]
src/tests/test_document_loader_extended.py::TestDocumentLoaderFull::test_resolve_path_absolute PASSED [ 13%]
src/tests/test_document_loader_extended.py::TestDocumentLoaderFull::test_resolve_path_relative PASSED [ 13%]
src/tests/test_document_loader_extended.py::TestDocumentLoaderFull::test_resolve_path_with_none_datadir PASSED [ 14%]
src/tests/test_document_loader_extended.py::TestLoadJson::test_load_json_from_list PASSED [ 14%]
src/tests/test_document_loader_extended.py::TestLoadJson::test_load_json_nonexistent PASSED [ 14%]
src/tests/test_document_loader_extended.py::TestLoadJson::test_load_json_string_list PASSED [ 14%]
src/tests/test_document_loader_extended.py::TestLoadJson::test_load_json_with_content_field PASSED [ 14%]
src/tests/test_document_loader_extended.py::TestLoadJson::test_load_json_with_custom_fields PASSED [ 15%]
src/tests/test_document_loader_extended.py::TestLoadJson::test_load_json_with_data_key PASSED [ 15%]
src/tests/test_document_loader_extended.py::TestLoadJson::test_load_json_with_documents_key PASSED [ 15%]
src/tests/test_document_loader_extended.py::TestLoadJson::test_load_json_with_items_key PASSED [ 15%]
src/tests/test_document_loader_extended.py::TestLoadJson::test_load_json_with_single_object PASSED [ 15%]
src/tests/test_document_loader_extended.py::TestLoadJsonl::test_load_jsonl_basic PASSED [ 15%]
src/tests/test_document_loader_extended.py::TestLoadJsonl::test_load_jsonl_nonexistent PASSED [ 16%]
src/tests/test_document_loader_extended.py::TestLoadJsonl::test_load_jsonl_with_content_field PASSED [ 16%]
src/tests/test_document_loader_extended.py::TestLoadJsonl::test_load_jsonl_with_empty_lines PASSED [ 16%]
src/tests/test_document_loader_extended.py::TestLoadJsonl::test_load_jsonl_with_invalid_lines PASSED [ 16%]
src/tests/test_document_loader_extended.py::TestChunkDocuments::test_chunk_documents_basic PASSED [ 16%]
src/tests/test_document_loader_extended.py::TestChunkDocuments::test_chunk_documents_small_text PASSED [ 17%]
src/tests/test_document_loader_extended.py::TestChunkDocuments::test_chunk_documents_with_empty_text PASSED [ 17%]
src/tests/test_document_loader_extended.py::TestChunkDocuments::test_split_text_empty PASSED [ 17%]
src/tests/test_document_loader_extended.py::TestChunkDocuments::test_split_text_large PASSED [ 17%]
src/tests/test_document_loader_extended.py::TestChunkDocuments::test_split_text_small PASSED [ 17%]
src/tests/test_document_loader_extended.py::TestLoadDirectory::test_load_directory_empty PASSED [ 17%]
src/tests/test_document_loader_extended.py::TestLoadDirectory::test_load_directory_nonexistent PASSED [ 18%]
src/tests/test_document_loader_extended.py::TestLoadDirectory::test_load_directory_with_files PASSED [ 18%]
src/tests/test_document_loader_extended.py::TestLoadDocumentsForRag::test_load_documents_for_rag_basic PASSED [ 18%]
src/tests/test_document_loader_extended.py::TestDocumentChunk::test_document_chunk_creation PASSED [ 18%]
src/tests/test_exceptions.py::TestOllamaClientExceptions::test_ollama_error_basic PASSED [ 18%]
src/tests/test_exceptions.py::TestOllamaClientExceptions::test_connection_error PASSED [ 19%]
src/tests/test_exceptions.py::TestOllamaClientExceptions::test_timeout_error PASSED [ 19%]
src/tests/test_exceptions.py::TestOllamaClientExceptions::test_response_error_with_status PASSED [ 19%]
src/tests/test_exceptions.py::TestOllamaClientExceptions::test_response_error_without_status PASSED [ 19%]
src/tests/test_exceptions.py::TestPDFExtractorExceptions::test_pdf_not_found_error PASSED [ 19%]
src/tests/test_exceptions.py::TestPDFExtractorExceptions::test_pdf_extraction_error PASSED [ 20%]
src/tests/test_exceptions.py::TestPDFExtractorExceptions::test_pdf_library_not_found_error PASSED [ 20%]
src/tests/test_exceptions.py::TestExceptionInheritance::test_ollama_exception_hierarchy PASSED [ 20%]
src/tests/test_exceptions.py::TestExceptionInheritance::test_catch_base_exception PASSED [ 20%]
src/tests/test_exceptions.py::TestExceptionInheritance::test_catch_specific_exception PASSED [ 20%]
src/tests/test_exceptions.py::TestErrorRecovery::test_retry_mechanism PASSED [ 20%]
src/tests/test_exceptions.py::TestErrorRecovery::test_retry_exhaustion PASSED [ 21%]
src/tests/test_exceptions.py::TestErrorRecovery::test_fallback_mechanism PASSED [ 21%]
src/tests/test_exceptions.py::TestNetworkErrorHandling::test_connection_timeout PASSED [ 21%]
src/tests/test_exceptions.py::TestNetworkErrorHandling::test_connection_error PASSED [ 21%]
src/tests/test_exceptions.py::TestNetworkErrorHandling::test_http_error PASSED [ 21%]
src/tests/test_exceptions.py::TestDataValidationErrors::test_invalid_esg_metrics PASSED [ 22%]
src/tests/test_exceptions.py::TestDataValidationErrors::test_missing_required_fields PASSED [ 22%]
src/tests/test_exceptions.py::TestFileOperationErrors::test_file_not_found PASSED [ 22%]
src/tests/test_exceptions.py::TestFileOperationErrors::test_permission_error PASSED [ 22%]
src/tests/test_exceptions.py::TestFileOperationErrors::test_corrupted_file PASSED [ 22%]
src/tests/test_exceptions.py::TestDatabaseErrors::test_chromadb_unavailable_handling PASSED [ 22%]
src/tests/test_exceptions.py::TestGracefulDegradation::test_partial_data_handling PASSED [ 23%]
src/tests/test_exceptions.py::TestGracefulDegradation::test_empty_data_handling PASSED [ 23%]
src/tests/test_gap_analyzer.py::TestBenchmarkRepository::test_json_benchmark_repository_default_data PASSED [ 23%]
src/tests/test_gap_analyzer.py::TestBenchmarkRepository::test_get_benchmark PASSED [ 23%]
src/tests/test_gap_analyzer.py::TestBenchmarkRepository::test_get_benchmark_not_found PASSED [ 23%]
src/tests/test_gap_analyzer.py::TestGapAnalyzer::test_analyze_dimension_gap PASSED [ 24%]
src/tests/test_gap_analyzer.py::TestGapAnalyzer::test_analyze_dimension_gap_invalid_company PASSED [ 24%]
src/tests/test_gap_analyzer.py::TestGapAnalyzer::test_analyze_indicator_gap SKIPPED [ 24%]
src/tests/test_gap_analyzer.py::TestGapAnalyzer::test_compare_with_multiple PASSED [ 24%]
src/tests/test_gap_analyzer.py::TestGapAnalyzer::test_get_improvement_areas SKIPPED [ 24%]
src/tests/test_gap_analyzer.py::TestGapAnalyzer::test_get_available_benchmarks PASSED [ 25%]
src/tests/test_gap_analyzer.py::TestGapAnalyzer::test_analyze_historical_trend PASSED [ 25%]
src/tests/test_gap_analyzer.py::TestGapAnalyzer::test_analyze_historical_trend_no_company PASSED [ 25%]
src/tests/test_gap_analyzer.py::TestGapAnalyzer::test_predict_next_year PASSED [ 25%]
src/tests/test_gap_analyzer.py::TestGapAnalyzer::test_predict_next_year_insufficient_data PASSED [ 25%]
src/tests/test_gap_analyzer.py::TestGapAnalyzer::test_predict_next_year_empty_input PASSED [ 25%]
src/tests/test_gap_analyzer.py::TestGapResult::test_gap_result_creation PASSED [ 26%]
src/tests/test_gap_analyzer.py::TestIndicatorGap::test_indicator_gap_creation PASSED [ 26%]
src/tests/test_gap_analyzer_extended.py::TestGapAnalyzerInit::test_gap_analyzer_init_default PASSED [ 26%]
src/tests/test_gap_analyzer_extended.py::TestGapAnalyzerInit::test_gap_analyzer_init_with_custom_repo PASSED [ 26%]
src/tests/test_gap_analyzer_extended.py::TestGapAnalyzerDimensionGap::test_analyze_dimension_gap_basic FAILED [ 26%]
src/tests/test_gap_analyzer_extended.py::TestGapAnalyzerDimensionGap::test_analyze_dimension_gap_invalid_company PASSED [ 27%]
src/tests/test_gap_analyzer_extended.py::TestGapAnalyzerIndicatorGap::test_analyze_indicator_gap_basic PASSED [ 27%]
src/tests/test_gap_analyzer_extended.py::TestCompareWithMultiple::test_compare_with_multiple_default PASSED [ 27%]
src/tests/test_gap_analyzer_extended.py::TestGetAvailableBenchmarks::test_get_available_benchmarks PASSED [ 27%]
src/tests/test_gap_analyzer_extended.py::TestHistoricalTrend::test_analyze_historical_trend PASSED [ 27%]
src/tests/test_gap_analyzer_extended.py::TestHistoricalTrend::test_analyze_historical_trend_no_company PASSED [ 27%]
src/tests/test_gap_analyzer_extended.py::TestPredictNextYear::test_predict_next_year PASSED [ 28%]
src/tests/test_gap_analyzer_extended.py::TestPredictNextYear::test_predict_next_year_empty_input PASSED [ 28%]
src/tests/test_gap_analyzer_extended.py::TestPredictNextYear::test_predict_next_year_insufficient_data PASSED [ 28%]
src/tests/test_gap_analyzer_extended.py::TestGapResult::test_gap_result_creation PASSED [ 28%]
src/tests/test_gap_analyzer_extended.py::TestIndicatorGap::test_indicator_gap_creation PASSED [ 28%]
src/tests/test_gap_analyzer_extended.py::TestJsonBenchmarkRepository::test_get_benchmark PASSED [ 29%]
src/tests/test_gap_analyzer_extended.py::TestJsonBenchmarkRepository::test_get_benchmark_not_found PASSED [ 29%]
src/tests/test_gap_analyzer_extended.py::TestJsonBenchmarkRepository::test_json_benchmark_repository_default_data PASSED [ 29%]
src/tests/test_gap_analyzer_extended.py::TestIndicatorScoringRules::test_calculate_indicator_scores FAILED [ 29%]
src/tests/test_gap_analyzer_extended.py::TestComputeScoreFromRule::test_boolean_rule PASSED [ 29%]
src/tests/test_gap_analyzer_extended.py::TestComputeScoreFromRule::test_direct_rule PASSED [ 30%]
src/tests/test_gap_analyzer_extended.py::TestComputeScoreFromRule::test_inverse_rule PASSED [ 30%]
src/tests/test_gap_analyzer_extended.py::TestComputeScoreFromRule::test_ratio_rule PASSED [ 30%]
src/tests/test_gap_analyzer_extended.py::TestCalculatePriority::test_calculate_priority_high PASSED [ 30%]
src/tests/test_gap_analyzer_extended.py::TestCalculatePriority::test_calculate_priority_low PASSED [ 30%]
src/tests/test_gap_analyzer_extended.py::TestCalculatePriority::test_calculate_priority_medium PASSED [ 30%]
src/tests/test_gap_analyzer_extended.py::TestCalculateRanking::test_calculate_ranking PASSED [ 31%]
src/tests/test_logging_config.py::TestLoggingConfigConstants::test_backup_count PASSED [ 31%]
src/tests/test_logging_config.py::TestLoggingConfigConstants::test_default_log_level_default PASSED [ 31%]
src/tests/test_logging_config.py::TestLoggingConfigConstants::test_import_constants PASSED [ 31%]
src/tests/test_logging_config.py::TestLoggingConfigConstants::test_log_dir_is_path PASSED [ 31%]
src/tests/test_logging_config.py::TestLoggingConfigConstants::test_log_format PASSED [ 32%]
src/tests/test_logging_config.py::TestLoggingConfigConstants::test_max_log_size PASSED [ 32%]
src/tests/test_logging_config.py::TestSetupLogging::test_setup_logging_no_duplicate_handlers PASSED [ 32%]
src/tests/test_logging_config.py::TestSetupLogging::test_setup_logging_returns_logger PASSED [ 32%]
src/tests/test_logging_config.py::TestSetupLogging::test_setup_logging_with_custom_level PASSED [ 32%]
src/tests/test_logging_config.py::TestGetLogger::test_get_logger_returns_logger PASSED [ 32%]
src/tests/test_logging_config.py::TestGetLogger::test_get_logger_with_different_names PASSED [ 33%]
src/tests/test_logging_config.py::TestLogLevelConstants::test_log_level_constants PASSED [ 33%]
src/tests/test_logging_config.py::TestInitRootLogger::test_init_root_logger PASSED [ 33%]
src/tests/test_main.py::TestMainImports::test_import_app_config PASSED   [ 33%]
src/tests/test_main.py::TestMainImports::test_import_main_module PASSED  [ 33%]
src/tests/test_main.py::TestMainImports::test_import_streamlit PASSED    [ 34%]
src/tests/test_main.py::TestMainFunction::test_main_calls_render_app PASSED [ 34%]
src/tests/test_main.py::TestMainFunction::test_main_calls_set_page_config PASSED [ 34%]
src/tests/test_main.py::TestAppConfig::test_app_icon_is_string PASSED    [ 34%]
src/tests/test_main.py::TestAppConfig::test_app_name_is_string PASSED    [ 34%]
src/tests/test_main.py::TestAppConfig::test_version_is_string PASSED     [ 35%]
src/tests/test_main.py::TestDocstring::test_main_module_docstring PASSED [ 35%]
src/tests/test_materiality_matrix.py::TestMaterialityMatrix::test_matrix_init PASSED [ 35%]
src/tests/test_materiality_matrix.py::TestMaterialityMatrix::test_get_all_topics PASSED [ 35%]
src/tests/test_materiality_matrix.py::TestMaterialityMatrix::test_get_matrix_data PASSED [ 35%]
src/tests/test_materiality_matrix.py::TestMaterialityMatrix::test_get_quadrant_summary PASSED [ 35%]
src/tests/test_materiality_matrix.py::TestMaterialityMatrix::test_get_topics_by_dimension PASSED [ 36%]
src/tests/test_materiality_matrix.py::TestMaterialityMatrix::test_get_topics_by_quadrant PASSED [ 36%]
src/tests/test_materiality_matrix.py::TestMaterialityMatrix::test_get_priority_list PASSED [ 36%]
src/tests/test_materiality_matrix.py::TestMaterialityMatrix::test_update_topic_scores PASSED [ 36%]
src/tests/test_materiality_matrix.py::TestMaterialityMatrix::test_reset_to_defaults PASSED [ 36%]
src/tests/test_materiality_matrix.py::TestMaterialityMatrix::test_export_scores PASSED [ 37%]
src/tests/test_materiality_matrix.py::TestMaterialityTopic::test_topic_creation PASSED [ 37%]
src/tests/test_metric_extractor.py::TestMetricExtractor::test_metric_extractor_init PASSED [ 37%]
src/tests/test_metric_extractor.py::TestMetricExtractor::test_extract PASSED [ 37%]
src/tests/test_metric_extractor.py::TestMetricExtractor::test_extract_batch SKIPPED [ 37%]
src/tests/test_metric_extractor.py::TestMetricExtractionError::test_metric_extraction_error PASSED [ 37%]
src/tests/test_multilingual.py::TestMultilingualReportGenerator::test_generator_init PASSED [ 38%]
src/tests/test_multilingual.py::TestMultilingualReportGenerator::test_generate_report SKIPPED [ 38%]
src/tests/test_multilingual.py::TestMultilingualReportGenerator::test_generate_reports_for_all_languages PASSED [ 38%]
src/tests/test_multilingual.py::TestMultilingualReportGenerator::test_get_translation PASSED [ 38%]
src/tests/test_multilingual.py::TestLanguage::test_language_values PASSED [ 38%]
src/tests/test_multilingual.py::TestMultilingualReport::test_import_report PASSED [ 39%]
src/tests/test_navigation.py::TestNavigationImports::test_import_dependencies PASSED [ 39%]
src/tests/test_navigation.py::TestNavigationImports::test_import_navigation_module PASSED [ 39%]
src/tests/test_navigation.py::TestRenderSidebar::test_render_sidebar_returns_benchmark PASSED [ 39%]
src/tests/test_navigation.py::TestRenderSidebar::test_render_sidebar_returns_dict PASSED [ 39%]
src/tests/test_navigation.py::TestRenderSidebar::test_render_sidebar_returns_industry PASSED [ 40%]
src/tests/test_navigation.py::TestRenderSidebar::test_render_sidebar_returns_year PASSED [ 40%]
src/tests/test_navigation.py::TestNavigationConfig::test_analysis_years PASSED [ 40%]
src/tests/test_navigation.py::TestNavigationConfig::test_benchmark_companies PASSED [ 40%]
src/tests/test_navigation.py::TestDocstring::test_navigation_module_docstring PASSED [ 40%]
src/tests/test_navigation.py::TestDocstring::test_render_sidebar_docstring PASSED [ 40%]
src/tests/test_ollama_client.py::TestRetryWithBackoff::test_max_retries_exceeded PASSED [ 41%]
src/tests/test_ollama_client.py::TestRetryWithBackoff::test_retry_on_exception PASSED [ 41%]
src/tests/test_ollama_client.py::TestRetryWithBackoff::test_specific_exception_types PASSED [ 41%]
src/tests/test_ollama_client.py::TestRetryWithBackoff::test_successful_call_no_retry PASSED [ 41%]
src/tests/test_ollama_client.py::TestOllamaClientInit::test_custom_init PASSED [ 41%]
src/tests/test_ollama_client.py::TestOllamaClientInit::test_default_init PASSED [ 42%]
src/tests/test_ollama_client.py::TestOllamaClientInit::test_session_creation PASSED [ 42%]
src/tests/test_ollama_client.py::TestOllamaClientInit::test_url_trailing_slash_removal PASSED [ 42%]
src/tests/test_ollama_client.py::TestOllamaClientEmbed::test_embed_api_error PASSED [ 42%]
src/tests/test_ollama_client.py::TestOllamaClientEmbed::test_embed_empty_text PASSED [ 42%]
src/tests/test_ollama_client.py::TestOllamaClientEmbed::test_embed_missing_embedding PASSED [ 42%]
src/tests/test_ollama_client.py::TestOllamaClientEmbed::test_embed_no_model PASSED [ 43%]
src/tests/test_ollama_client.py::TestOllamaClientEmbed::test_embed_success PASSED [ 43%]
src/tests/test_ollama_client.py::TestOllamaClientGenerate::test_generate_empty_prompt PASSED [ 43%]
src/tests/test_ollama_client.py::TestOllamaClientGenerate::test_generate_missing_response PASSED [ 43%]
src/tests/test_ollama_client.py::TestOllamaClientGenerate::test_generate_no_model PASSED [ 43%]
src/tests/test_ollama_client.py::TestOllamaClientGenerate::test_generate_success PASSED [ 44%]
src/tests/test_ollama_client.py::TestOllamaClientGenerate::test_generate_with_none_options PASSED [ 44%]
src/tests/test_ollama_client.py::TestOllamaClientGenerate::test_generate_with_options PASSED [ 44%]
src/tests/test_ollama_client.py::TestOllamaClientChat::test_chat_empty_messages PASSED [ 44%]
src/tests/test_ollama_client.py::TestOllamaClientChat::test_chat_invalid_message_format PASSED [ 44%]
src/tests/test_ollama_client.py::TestOllamaClientChat::test_chat_invalid_role PASSED [ 45%]
src/tests/test_ollama_client.py::TestOllamaClientChat::test_chat_missing_content PASSED [ 45%]
src/tests/test_ollama_client.py::TestOllamaClientChat::test_chat_no_model PASSED [ 45%]
src/tests/test_ollama_client.py::TestOllamaClientChat::test_chat_success PASSED [ 45%]
src/tests/test_ollama_client.py::TestOllamaClientCheck::test_check_connection_error PASSED [ 45%]
src/tests/test_ollama_client.py::TestOllamaClientCheck::test_check_failure PASSED [ 45%]
src/tests/test_ollama_client.py::TestOllamaClientCheck::test_check_success PASSED [ 46%]
src/tests/test_ollama_client.py::TestOllamaClientExceptions::test_connection_error PASSED [ 46%]
src/tests/test_ollama_client.py::TestOllamaClientExceptions::test_ollama_error PASSED [ 46%]
src/tests/test_ollama_client.py::TestOllamaClientExceptions::test_response_error_with_details PASSED [ 46%]
src/tests/test_ollama_client.py::TestOllamaClientExceptions::test_timeout_error PASSED [ 46%]
src/tests/test_ollama_client.py::TestOllamaClientContextManager::test_context_manager PASSED [ 47%]
src/tests/test_ollama_client.py::TestOllamaClientContextManager::test_context_manager_calls_close PASSED [ 47%]
src/tests/test_ollama_client.py::TestOllamaClientEdgeCases::test_special_characters_in_prompt PASSED [ 47%]
src/tests/test_ollama_client.py::TestOllamaClientEdgeCases::test_unicode_content PASSED [ 47%]
src/tests/test_ollama_client.py::TestOllamaClientEdgeCases::test_very_long_prompt PASSED [ 47%]
src/tests/test_pdf_extractor.py::TestPDFExtractor::test_extract_backend_fallback PASSED [ 47%]
src/tests/test_pdf_extractor.py::TestPDFExtractor::test_extract_batch PASSED [ 48%]
src/tests/test_pdf_extractor.py::TestPDFExtractor::test_extract_batch_with_failure PASSED [ 48%]
src/tests/test_pdf_extractor.py::TestPDFExtractor::test_extract_company_from_filename PASSED [ 48%]
src/tests/test_pdf_extractor.py::TestPDFExtractor::test_extract_company_from_text PASSED [ 48%]
src/tests/test_pdf_extractor.py::TestPDFExtractor::test_extract_file_not_found PASSED [ 48%]
src/tests/test_pdf_extractor.py::TestPDFExtractor::test_extract_non_pdf_file PASSED [ 49%]
src/tests/test_pdf_extractor.py::TestPDFExtractor::test_extract_with_pdfplumber PASSED [ 49%]
src/tests/test_pdf_extractor.py::TestPDFExtractor::test_extract_with_pypdf2 PASSED [ 49%]
src/tests/test_pdf_extractor.py::TestPDFExtractor::test_extract_year_from_filename PASSED [ 49%]
src/tests/test_pdf_extractor.py::TestPDFExtractor::test_extract_year_from_text PASSED [ 49%]
src/tests/test_pdf_extractor.py::TestPDFExtractor::test_init_with_default_backend PASSED [ 50%]
src/tests/test_pdf_extractor.py::TestPDFExtractor::test_init_with_pdfplumber_backend PASSED [ 50%]
src/tests/test_pdf_extractor.py::TestPDFExtractor::test_init_with_pypdf2_backend PASSED [ 50%]
src/tests/test_pdf_extractor.py::TestPDFExtractor::test_init_without_libraries PASSED [ 50%]
src/tests/test_pdf_extractor.py::TestPDFExtractor::test_path_traversal_attack_prevention_absolute PASSED [ 50%]
src/tests/test_pdf_extractor.py::TestPDFExtractor::test_path_traversal_attack_prevention_relative PASSED [ 50%]
src/tests/test_pdf_extractor.py::TestPDFExtractor::test_path_traversal_with_null_bytes PASSED [ 51%]
src/tests/test_pdf_extractor.py::TestPDFExtractor::test_pdf_content_dataclass PASSED [ 51%]
src/tests/test_pdf_extractor.py::TestPDFExtractor::test_pdf_metadata_dataclass PASSED [ 51%]
src/tests/test_pdf_extractor.py::TestPDFExtractor::test_pdf_metadata_defaults PASSED [ 51%]
src/tests/test_pdf_extractor.py::TestPDFExtractorEdgeCases::test_extract_empty_pdf PASSED [ 51%]
src/tests/test_pdf_extractor.py::TestPDFExtractorEdgeCases::test_extract_pdf_with_empty_pages PASSED [ 52%]
src/tests/test_rag_engine.py::TestRAGEngine::test_build_prompt PASSED    [ 52%]
src/tests/test_rag_engine.py::TestRAGEngine::test_build_prompt_truncation PASSED [ 52%]
src/tests/test_rag_engine.py::TestRAGEngine::test_calculate_confidence PASSED [ 52%]
src/tests/test_rag_engine.py::TestRAGEngine::test_calculate_confidence_boundary PASSED [ 52%]
src/tests/test_rag_engine.py::TestRAGEngine::test_deepseek_r1_options PASSED [ 52%]
src/tests/test_rag_engine.py::TestRAGEngine::test_extract_thinking_chinese_markers PASSED [ 53%]
src/tests/test_rag_engine.py::TestRAGEngine::test_extract_thinking_no_format PASSED [ 53%]
src/tests/test_rag_engine.py::TestRAGEngine::test_extract_thinking_think_tag PASSED [ 53%]
src/tests/test_rag_engine.py::TestRAGEngine::test_extract_thinking_thinking_tag PASSED [ 53%]
src/tests/test_rag_engine.py::TestRAGEngine::test_init_default PASSED    [ 53%]
src/tests/test_rag_engine.py::TestRAGEngine::test_init_with_custom_model PASSED [ 54%]
src/tests/test_rag_engine.py::TestRAGEngine::test_init_with_custom_store PASSED [ 54%]
src/tests/test_rag_engine.py::TestRAGEngine::test_query_empty_knowledge_base PASSED [ 54%]
src/tests/test_rag_engine.py::TestRAGEngine::test_query_llm_http_error PASSED [ 54%]
src/tests/test_rag_engine.py::TestRAGEngine::test_query_llm_service_unavailable PASSED [ 54%]
src/tests/test_rag_engine.py::TestRAGEngine::test_query_llm_timeout PASSED [ 55%]
src/tests/test_rag_engine.py::TestRAGEngine::test_query_normal_flow PASSED [ 55%]
src/tests/test_rag_engine.py::TestRAGEngine::test_rag_response_dataclass PASSED [ 55%]
src/tests/test_rag_engine.py::TestRAGEngineEdgeCases::test_query_special_characters PASSED [ 55%]
src/tests/test_rag_engine.py::TestRAGEngineEdgeCases::test_query_unicode_content PASSED [ 55%]
src/tests/test_rag_engine.py::TestRAGEngineEdgeCases::test_query_very_long_question PASSED [ 55%]
src/tests/test_scoring.py::TestScoreCalculator::test_calculate_carbon_intensity_score_excellent PASSED [ 56%]
src/tests/test_scoring.py::TestScoreCalculator::test_calculate_carbon_intensity_score_middle PASSED [ 56%]
src/tests/test_scoring.py::TestScoreCalculator::test_calculate_carbon_intensity_score_none PASSED [ 56%]
src/tests/test_scoring.py::TestScoreCalculator::test_calculate_carbon_intensity_score_poor PASSED [ 56%]
src/tests/test_scoring.py::TestScoreCalculator::test_calculate_curtailment_score_excellent PASSED [ 56%]
src/tests/test_scoring.py::TestScoreCalculator::test_calculate_curtailment_score_middle PASSED [ 57%]
src/tests/test_scoring.py::TestScoreCalculator::test_calculate_curtailment_score_none PASSED [ 57%]
src/tests/test_scoring.py::TestScoreCalculator::test_calculate_curtailment_score_poor PASSED [ 57%]
src/tests/test_scoring.py::TestScoreCalculator::test_calculate_ltifr_score_excellent PASSED [ 57%]
src/tests/test_scoring.py::TestScoreCalculator::test_calculate_ltifr_score_middle PASSED [ 57%]
src/tests/test_scoring.py::TestScoreCalculator::test_calculate_ltifr_score_none PASSED [ 57%]
src/tests/test_scoring.py::TestScoreCalculator::test_calculate_ltifr_score_poor PASSED [ 58%]
src/tests/test_scoring.py::TestScoreCalculator::test_calculate_percentage_score PASSED [ 58%]
src/tests/test_scoring.py::TestScoreCalculator::test_calculate_percentage_score_none PASSED [ 58%]
src/tests/test_scoring.py::TestScoreCalculator::test_calculate_safety_investment_score PASSED [ 58%]
src/tests/test_scoring.py::TestScoreCalculator::test_calculate_safety_investment_score_none PASSED [ 58%]
src/tests/test_scoring.py::TestScoreCalculator::test_calculate_trir_score_excellent PASSED [ 59%]
src/tests/test_scoring.py::TestScoreCalculator::test_calculate_trir_score_middle PASSED [ 59%]
src/tests/test_scoring.py::TestScoreCalculator::test_calculate_trir_score_none PASSED [ 59%]
src/tests/test_scoring.py::TestScoreCalculator::test_calculate_trir_score_poor PASSED [ 59%]
src/tests/test_scoring.py::TestScoreCalculator::test_calculate_water_intensity_score_excellent PASSED [ 59%]
src/tests/test_scoring.py::TestScoreCalculator::test_calculate_water_intensity_score_middle PASSED [ 60%]
src/tests/test_scoring.py::TestScoreCalculator::test_calculate_water_intensity_score_none PASSED [ 60%]
src/tests/test_scoring.py::TestScoreCalculator::test_calculate_water_intensity_score_poor PASSED [ 60%]
src/tests/test_scoring.py::TestScoreCalculator::test_safe_score_basic PASSED [ 60%]
src/tests/test_scoring.py::TestScoreCalculator::test_safe_score_exceeds_max PASSED [ 60%]
src/tests/test_scoring.py::TestScoreCalculator::test_safe_score_none PASSED [ 60%]
src/tests/test_scoring.py::TestScoreCalculator::test_safe_score_with_multiplier PASSED [ 61%]
src/tests/test_scoring.py::TestCalculateWeightedScore::test_all_none_scores PASSED [ 61%]
src/tests/test_scoring.py::TestCalculateWeightedScore::test_all_valid_scores PASSED [ 61%]
src/tests/test_scoring.py::TestCalculateWeightedScore::test_with_none_scores PASSED [ 61%]
src/tests/test_scoring.py::TestCalculateWeightedScore::test_zero_total_weight PASSED [ 61%]
src/tests/test_scoring.py::TestDimensionScoreCalculation::test_calculate_dimension_score_e PASSED [ 62%]
src/tests/test_scoring.py::TestDimensionScoreCalculation::test_calculate_dimension_score_g PASSED [ 62%]
src/tests/test_scoring.py::TestDimensionScoreCalculation::test_calculate_dimension_score_invalid_dimension PASSED [ 62%]
src/tests/test_scoring.py::TestDimensionScoreCalculation::test_calculate_dimension_score_s PASSED [ 62%]
src/tests/test_scoring.py::TestDimensionScoreCalculation::test_calculate_e_dimension_scores PASSED [ 62%]
src/tests/test_scoring.py::TestDimensionScoreCalculation::test_calculate_g_dimension_scores PASSED [ 62%]
src/tests/test_scoring.py::TestDimensionScoreCalculation::test_calculate_s_dimension_scores PASSED [ 63%]
src/tests/test_scoring.py::TestGetScoreCalculator::test_get_score_calculator PASSED [ 63%]
src/tests/test_scoring.py::TestDimensionWeights::test_e_dimension_weights_sum PASSED [ 63%]
src/tests/test_scoring.py::TestDimensionWeights::test_s_dimension_weights_sum PASSED [ 63%]
src/tests/test_start_windows.py::TestSetupEnvironment::test_setup_environment_adds_paths PASSED [ 63%]
src/tests/test_start_windows.py::TestSetupEnvironment::test_setup_environment_sets_pythonpath PASSED [ 64%]
src/tests/test_start_windows.py::TestRunStreamlit::test_run_streamlit_accepts_mode_parameter PASSED [ 64%]
src/tests/test_start_windows.py::TestRunStreamlit::test_run_streamlit_is_callable PASSED [ 64%]
src/tests/test_start_windows.py::TestImports::test_import_dependencies PASSED [ 64%]
src/tests/test_start_windows.py::TestImports::test_import_start_windows PASSED [ 64%]
src/tests/test_start_windows.py::TestModuleFunctions::test_run_streamlit_is_callable PASSED [ 65%]
src/tests/test_start_windows.py::TestModuleFunctions::test_setup_environment_is_callable PASSED [ 65%]
src/tests/test_strategy_generator.py::TestStrategyGenerator::test_explain_confidence PASSED [ 65%]
src/tests/test_strategy_generator.py::TestStrategyGenerator::test_filter_by_audience PASSED [ 65%]
src/tests/test_strategy_generator.py::TestStrategyGenerator::test_fine_tune_strategy PASSED [ 65%]
src/tests/test_strategy_generator.py::TestStrategyGenerator::test_generate_strategies SKIPPED [ 65%]
src/tests/test_strategy_generator.py::TestStrategyGenerator::test_generate_strategies_max_count SKIPPED [ 66%]
src/tests/test_strategy_generator.py::TestStrategyGenerator::test_generate_strategy_for_area PASSED [ 66%]
src/tests/test_strategy_generator.py::TestStrategyGenerator::test_generate_strategy_for_invalid_area PASSED [ 66%]
src/tests/test_strategy_generator.py::TestStrategyGenerator::test_get_all_audiences PASSED [ 66%]
src/tests/test_strategy_generator.py::TestStrategyGenerator::test_to_dict PASSED [ 66%]
src/tests/test_strategy_generator.py::TestStrategyPriority::test_priority_values PASSED [ 67%]
src/tests/test_strategy_generator.py::TestStrategy::test_strategy_creation PASSED [ 67%]
src/tests/test_strategy_generator.py::TestStrategy::test_strategy_default_values PASSED [ 67%]
src/tests/test_strategy_generator.py::TestStrategy::test_strategy_to_dict PASSED [ 67%]
src/tests/test_timing_advisor.py::TestTimingAdvisor::test_detect_conflicts PASSED [ 67%]
src/tests/test_timing_advisor.py::TestTimingAdvisor::test_format_suggestion_display SKIPPED [ 67%]
src/tests/test_timing_advisor.py::TestTimingAdvisor::test_get_all_events PASSED [ 68%]
src/tests/test_timing_advisor.py::TestTimingAdvisor::test_get_events_by_month PASSED [ 68%]
src/tests/test_timing_advisor.py::TestTimingAdvisor::test_suggest_timing PASSED [ 68%]
src/tests/test_timing_advisor.py::TestTimingAdvisor::test_timing_advisor_init PASSED [ 68%]
src/tests/test_timing_advisor.py::TestTimingAdvisor::test_timing_suggestion_creation SKIPPED [ 68%]
src/tests/test_topic_analyzer.py::TestTopicAnalyzer::test_analyze_trends PASSED [ 69%]
src/tests/test_topic_analyzer.py::TestTopicAnalyzer::test_clear_cache PASSED [ 69%]
src/tests/test_topic_analyzer.py::TestTopicAnalyzer::test_generate_wordcloud_data PASSED [ 69%]
src/tests/test_topic_analyzer.py::TestTopicAnalyzer::test_get_category_summary PASSED [ 69%]
src/tests/test_topic_analyzer.py::TestTopicAnalyzer::test_get_topic_detail PASSED [ 69%]
src/tests/test_topic_analyzer.py::TestTopicAnalyzer::test_topic_analyzer_init PASSED [ 70%]
src/tests/test_topic_analyzer.py::TestTopicInfo::test_topic_info_creation PASSED [ 70%]
src/tests/test_topic_analyzer.py::TestWordCloudItem::test_word_cloud_item_creation PASSED [ 70%]
src/tests/test_ui_components.py::TestESGColors::test_import_esg_colors PASSED [ 70%]
src/tests/test_ui_components.py::TestESGDimensionNames::test_import_esg_dimension_names PASSED [ 70%]
src/tests/test_ui_components.py::TestGapCardData::test_gap_card_data_creation PASSED [ 70%]
src/tests/test_ui_components.py::TestGapCardData::test_import_gap_card_data PASSED [ 71%]
src/tests/test_ui_components.py::TestScoreCardData::test_import_score_card_data PASSED [ 71%]
src/tests/test_ui_components.py::TestScoreCardData::test_score_card_data_creation PASSED [ 71%]
src/tests/test_ui_components.py::TestStrategyCardData::test_import_strategy_card_data PASSED [ 71%]
src/tests/test_ui_components.py::TestStrategyCardData::test_strategy_card_data_creation PASSED [ 71%]
src/tests/test_ui_components.py::TestGetScoreColor::test_get_score_color_function PASSED [ 72%]
src/tests/test_ui_components.py::TestGetConfidenceColor::test_get_confidence_color_function PASSED [ 72%]
src/tests/test_ui_components.py::TestGetScoreEmoji::test_get_score_emoji_function PASSED [ 72%]
src/tests/test_ui_components_extended.py::TestRenderHeader::test_render_header_with_subtitle PASSED [ 72%]
src/tests/test_ui_components_extended.py::TestRenderHeader::test_render_header_without_subtitle PASSED [ 72%]
src/tests/test_ui_components_extended.py::TestRenderSectionTitle::test_render_section_title PASSED [ 72%]
src/tests/test_ui_components_extended.py::TestRenderInfoBox::test_render_info_box_error PASSED [ 73%]
src/tests/test_ui_components_extended.py::TestRenderInfoBox::test_render_info_box_info PASSED [ 73%]
src/tests/test_ui_components_extended.py::TestRenderInfoBox::test_render_info_box_success PASSED [ 73%]
src/tests/test_ui_components_extended.py::TestRenderInfoBox::test_render_info_box_warning PASSED [ 73%]
src/tests/test_ui_components_extended.py::TestRenderProgressStep::test_render_progress_step PASSED [ 73%]
src/tests/test_ui_components_extended.py::TestScoreCardData::test_score_card_data_creation PASSED [ 74%]
src/tests/test_ui_components_extended.py::TestGapCardData::test_gap_card_data_creation PASSED [ 74%]
src/tests/test_ui_components_extended.py::TestStrategyCardData::test_strategy_card_data_creation PASSED [ 74%]
src/tests/test_ui_components_extended.py::TestStrategyCardData::test_strategy_card_data_defaults PASSED [ 74%]
src/tests/test_ui_components_extended.py::TestRenderScoreCard::test_render_score_card PASSED [ 74%]
src/tests/test_ui_components_extended.py::TestRenderScoreCard::test_render_score_card_no_progress PASSED [ 75%]
src/tests/test_ui_components_extended.py::TestRenderMetricCard::test_render_metric_card PASSED [ 75%]
src/tests/test_ui_components_extended.py::TestRenderMetricCard::test_render_metric_card_with_delta PASSED [ 75%]
src/tests/test_ui_components_extended.py::TestRenderGapCard::test_render_gap_card FAILED [ 75%]
src/tests/test_ui_components_extended.py::TestRenderStrategyCard::test_render_strategy_card PASSED [ 75%]
src/tests/test_ui_components_extended.py::TestRenderRadarChart::test_render_radar_chart PASSED [ 75%]
src/tests/test_ui_components_extended.py::TestRenderRadarChart::test_render_radar_chart_with_benchmark PASSED [ 76%]
src/tests/test_ui_components_extended.py::TestRenderBidirectionalBar::test_render_bidirectional_bar PASSED [ 76%]
src/tests/test_ui_components_extended.py::TestRenderDimensionComparison::test_render_dimension_comparison PASSED [ 76%]
src/tests/test_ui_components_extended.py::TestRenderTopicWordcloud::test_render_topic_wordcloud PASSED [ 76%]
src/tests/test_ui_components_extended.py::TestRenderTopicWordcloud::test_render_topic_wordcloud_empty PASSED [ 76%]
src/tests/test_ui_components_extended.py::TestRenderGaugeChart::test_render_gauge_chart PASSED [ 77%]
src/tests/test_ui_components_extended.py::TestRenderGapTable::test_render_gap_table PASSED [ 77%]
src/tests/test_ui_components_extended.py::TestRenderBusinessUnitRiskMatrix::test_render_business_unit_risk_matrix PASSED [ 77%]
src/tests/test_ui_components_extended.py::TestRenderBusinessUnitRiskMatrix::test_render_business_unit_risk_matrix_empty PASSED [ 77%]
src/tests/test_ui_components_extended.py::TestGetScoreColor::test_get_score_color_excellent PASSED [ 77%]
src/tests/test_ui_components_extended.py::TestGetScoreColor::test_get_score_color_good PASSED [ 77%]
src/tests/test_ui_components_extended.py::TestGetScoreColor::test_get_score_color_moderate PASSED [ 78%]
src/tests/test_ui_components_extended.py::TestGetScoreColor::test_get_score_color_poor PASSED [ 78%]
src/tests/test_ui_components_extended.py::TestGetScoreEmoji::test_get_score_emoji_excellent PASSED [ 78%]
src/tests/test_ui_components_extended.py::TestGetScoreEmoji::test_get_score_emoji_good PASSED [ 78%]
src/tests/test_ui_components_extended.py::TestGetScoreEmoji::test_get_score_emoji_moderate PASSED [ 78%]
src/tests/test_ui_components_extended.py::TestGetScoreEmoji::test_get_score_emoji_poor PASSED [ 79%]
src/tests/test_ui_components_extended.py::TestGetConfidenceColor::test_get_confidence_color_high PASSED [ 79%]
src/tests/test_ui_components_extended.py::TestGetConfidenceColor::test_get_confidence_color_low FAILED [ 79%]
src/tests/test_ui_components_extended.py::TestGetConfidenceColor::test_get_confidence_color_medium PASSED [ 79%]
src/tests/test_ui_components_extended.py::TestGetConfidenceColor::test_get_confidence_color_very_low PASSED [ 79%]
src/tests/test_ui_components_extended.py::TestRenderEmptyState::test_render_empty_state PASSED [ 80%]
src/tests/test_ui_pages_competitor.py::TestCompetitorPage::test_render_competitor_page_with_error PASSED [ 80%]
src/tests/test_ui_pages_competitor.py::TestCompetitorPage::test_render_competitor_page_with_metrics PASSED [ 80%]
src/tests/test_ui_pages_competitor.py::TestCompetitorPage::test_render_competitor_page_without_metrics PASSED [ 80%]
src/tests/test_ui_pages_competitor.py::TestGetStateManager::test_get_state_manager_function PASSED [ 80%]
src/tests/test_ui_pages_competitor_extended.py::TestRenderCompetitorPage::test_render_competitor_page_with_init_error PASSED [ 80%]
src/tests/test_ui_pages_competitor_extended.py::TestRenderCompetitorPage::test_render_competitor_page_with_metrics PASSED [ 81%]
src/tests/test_ui_pages_competitor_extended.py::TestRenderCompetitorPage::test_render_competitor_page_without_metrics PASSED [ 81%]
src/tests/test_ui_pages_competitor_extended.py::TestGetStateManager::test_get_state_manager_function PASSED [ 81%]
src/tests/test_ui_pages_competitor_extended.py::TestCompetitorAnalyzerMock::test_competitor_analyzer_import PASSED [ 81%]
src/tests/test_ui_pages_competitor_extended.py::TestCompetitorAnalyzerMock::test_competitor_analyzer_init PASSED [ 81%]
src/tests/test_ui_pages_gap.py::TestGapPage::test_render_gap_page_with_metrics PASSED [ 82%]
src/tests/test_ui_pages_gap.py::TestGapPage::test_render_gap_page_with_no_metrics PASSED [ 82%]
src/tests/test_ui_pages_gap.py::TestRenderBusinessRiskMapping::test_render_business_risk_mapping PASSED [ 82%]
src/tests/test_ui_pages_gap.py::TestRenderComplianceChecker::test_render_compliance_checker PASSED [ 82%]
src/tests/test_ui_pages_gap_extended.py::TestRenderGapPage::test_render_gap_page_with_error PASSED [ 82%]
src/tests/test_ui_pages_gap_extended.py::TestRenderGapPage::test_render_gap_page_with_metrics PASSED [ 82%]
src/tests/test_ui_pages_gap_extended.py::TestRenderGapPage::test_render_gap_page_without_metrics PASSED [ 83%]
src/tests/test_ui_pages_gap_extended.py::TestRenderBusinessRiskMapping::test_render_business_risk_mapping FAILED [ 83%]
src/tests/test_ui_pages_gap_extended.py::TestRenderBusinessRiskMapping::test_render_business_risk_mapping_error FAILED [ 83%]
src/tests/test_ui_pages_gap_extended.py::TestRenderComplianceChecker::test_render_compliance_checker FAILED [ 83%]
src/tests/test_ui_pages_home.py::TestRenderHomePage::test_render_home_page_with_metrics PASSED [ 83%]
src/tests/test_ui_pages_home.py::TestRenderHomePage::test_render_home_page_without_metrics PASSED [ 84%]
src/tests/test_ui_pages_home.py::TestRenderPdfUpload::test_render_pdf_upload_no_file PASSED [ 84%]
src/tests/test_ui_pages_home.py::TestRenderPdfUpload::test_render_pdf_upload_with_file FAILED [ 84%]
src/tests/test_ui_pages_home.py::TestOfferFallbackOptions::test_offer_fallback_options PASSED [ 84%]
src/tests/test_ui_pages_home.py::TestRenderManualInput::test_render_manual_input PASSED [ 84%]
src/tests/test_ui_pages_home.py::TestRenderDemoDataSelection::test_render_demo_data_selection PASSED [ 85%]
src/tests/test_ui_pages_home.py::TestRenderMetricsOverview::test_render_metrics_overview PASSED [ 85%]
src/tests/test_ui_pages_materiality.py::TestMaterialityPage::test_render_materiality_page_basic PASSED [ 85%]
src/tests/test_ui_pages_materiality.py::TestGetStateManager::test_get_state_manager_function PASSED [ 85%]
src/tests/test_ui_pages_materiality.py::TestMaterialityMatrix::test_materiality_matrix_import PASSED [ 85%]
src/tests/test_ui_pages_materiality.py::TestMaterialityMatrix::test_materiality_matrix_init PASSED [ 85%]
src/tests/test_ui_pages_rag.py::TestRagPage::test_render_rag_page_basic PASSED [ 86%]
src/tests/test_ui_pages_rag.py::TestRagPage::test_render_rag_page_with_question PASSED [ 86%]
src/tests/test_ui_pages_rag.py::TestGetRagEngine::test_get_rag_engine_function PASSED [ 86%]
src/tests/test_ui_pages_rag.py::TestHandleQuestion::test_handle_question_basic PASSED [ 86%]
src/tests/test_ui_pages_strategies.py::TestStrategiesPage::test_render_strategies_page_with_gap PASSED [ 86%]
src/tests/test_ui_pages_strategies.py::TestGenerateReport::test_generate_report_chinese PASSED [ 87%]
src/tests/test_ui_pages_strategies_extended.py::TestRenderStrategiesPage::test_render_strategies_page_with_gap PASSED [ 87%]
src/tests/test_ui_pages_strategies_extended.py::TestRenderStrategiesPage::test_render_strategies_page_without_gap PASSED [ 87%]
src/tests/test_ui_pages_strategies_extended.py::TestRenderStrategiesPage::test_render_strategies_page_without_metrics PASSED [ 87%]
src/tests/test_ui_pages_strategies_extended.py::TestGenerateReport::test_generate_report_chinese FAILED [ 87%]
src/tests/test_ui_pages_strategies_extended.py::TestStrategyGeneratorMock::test_strategy_generator_import PASSED [ 87%]
src/tests/test_ui_pages_strategies_extended.py::TestStrategyGeneratorMock::test_strategy_priority_import PASSED [ 88%]
src/tests/test_ui_pages_strategies_full.py::TestRenderStrategiesPage::test_render_strategies_page_with_exception PASSED [ 88%]
src/tests/test_ui_pages_strategies_full.py::TestRenderStrategiesPage::test_render_strategies_page_with_gap PASSED [ 88%]
src/tests/test_ui_pages_strategies_full.py::TestRenderStrategiesPage::test_render_strategies_page_with_multiple_strategies PASSED [ 88%]
src/tests/test_ui_pages_strategies_full.py::TestRenderStrategiesPage::test_render_strategies_page_without_gap FAILED [ 88%]
src/tests/test_ui_pages_strategies_full.py::TestRenderStrategiesPage::test_render_strategies_page_without_metrics FAILED [ 89%]
src/tests/test_ui_pages_strategies_full.py::TestGenerateReport::test_generate_report_multi_language FAILED [ 89%]
src/tests/test_ui_pages_strategies_full.py::TestGenerateReport::test_generate_report_single_language_en FAILED [ 89%]
src/tests/test_ui_pages_strategies_full.py::TestGenerateReport::test_generate_report_single_language_zh FAILED [ 89%]
src/tests/test_ui_pages_strategies_full.py::TestGenerateReport::test_generate_report_with_exception PASSED [ 89%]
src/tests/test_ui_pages_strategies_full.py::TestStrategyGeneratorMock::test_strategy_generator_import PASSED [ 90%]
src/tests/test_ui_pages_strategies_full.py::TestStrategyGeneratorMock::test_strategy_generator_init PASSED [ 90%]
src/tests/test_ui_pages_strategies_full.py::TestStrategyGeneratorMock::test_strategy_priority_import PASSED [ 90%]
src/tests/test_ui_pages_timing.py::TestTimingPage::test_render_timing_page_basic PASSED [ 90%]
src/tests/test_ui_pages_timing.py::TestTimingPage::test_render_timing_page_with_suggestions PASSED [ 90%]
src/tests/test_ui_pages_timing.py::TestTimingAdvisorMock::test_timing_advisor_import PASSED [ 90%]
src/tests/test_ui_pages_timing.py::TestTimingAdvisorMock::test_timing_advisor_init PASSED [ 91%]
src/tests/test_ui_pages_topics.py::TestTopicsPage::test_render_topics_page_basic PASSED [ 91%]
src/tests/test_ui_pages_topics.py::TestTopicsPage::test_render_topics_page_with_dimension_filter PASSED [ 91%]
src/tests/test_ui_pages_topics.py::TestTopicsPage::test_render_topics_page_with_error PASSED [ 91%]
src/tests/test_ui_pages_topics.py::TestTopicAnalyzer::test_topic_analyzer_import PASSED [ 91%]
src/tests/test_ui_pages_topics.py::TestTopicAnalyzer::test_topic_analyzer_init PASSED [ 92%]
src/tests/test_ui_pages_weights.py::TestWeightsPage::test_render_weights_page_ahp PASSED [ 92%]
src/tests/test_ui_pages_weights.py::TestWeightsPage::test_render_weights_page_simple PASSED [ 92%]
src/tests/test_ui_pages_weights.py::TestSimpleWeightsConfig::test_render_simple_weights PASSED [ 92%]
src/tests/test_ui_pages_weights.py::TestAHPWeightsConfig::test_render_ahp_weights_inconsistent PASSED [ 92%]
src/tests/test_ui_state.py::TestAppState::test_app_state_creation PASSED [ 92%]
src/tests/test_ui_state.py::TestAppState::test_import_app_state PASSED   [ 93%]
src/tests/test_ui_state.py::TestStateManager::test_import_state_manager PASSED [ 93%]
src/tests/test_ui_state.py::TestStateManager::test_state_manager_creation PASSED [ 93%]
src/tests/test_ui_state.py::TestAnalysisResult::test_import_analysis_result PASSED [ 93%]
src/tests/test_ui_state.py::TestStateKeys::test_import_state_keys PASSED [ 93%]
src/tests/test_ui_utils_metrics.py::TestCreateMetricsFromExtraction::test_create_metrics_from_extraction_basic PASSED [ 94%]
src/tests/test_ui_utils_metrics.py::TestCreateMetricsFromExtraction::test_create_metrics_with_metric_without_value PASSED [ 94%]
src/tests/test_ui_utils_metrics.py::TestCreateMetricsFromExtraction::test_create_metrics_with_missing_keys PASSED [ 94%]
src/tests/test_ui_utils_metrics.py::TestCreateMetricsFromExtraction::test_create_metrics_with_none_values PASSED [ 94%]
src/tests/test_ui_utils_metrics.py::TestEdgeCases::test_empty_metrics_dict PASSED [ 94%]
src/tests/test_validators.py::TestValidateYear::test_validate_year_invalid_format PASSED [ 95%]
src/tests/test_validators.py::TestValidateYear::test_validate_year_out_of_range PASSED [ 95%]
src/tests/test_validators.py::TestValidateYear::test_validate_year_valid PASSED [ 95%]
src/tests/test_validators.py::TestValidateCompanyName::test_validate_company_name_empty PASSED [ 95%]
src/tests/test_validators.py::TestValidateCompanyName::test_validate_company_name_valid PASSED [ 95%]
src/tests/test_validators.py::TestValidateCompanyCode::test_validate_company_code_invalid PASSED [ 95%]
src/tests/test_validators.py::TestValidateCompanyCode::test_validate_company_code_valid PASSED [ 96%]
src/tests/test_validators.py::TestValidatePercentage::test_validate_percentage_negative PASSED [ 96%]
src/tests/test_validators.py::TestValidatePercentage::test_validate_percentage_over_100 PASSED [ 96%]
src/tests/test_validators.py::TestValidatePercentage::test_validate_percentage_valid PASSED [ 96%]
src/tests/test_validators.py::TestValidateScore::test_validate_score_negative PASSED [ 96%]
src/tests/test_validators.py::TestValidateScore::test_validate_score_valid PASSED [ 97%]
src/tests/test_validators.py::TestValidateRatio::test_validate_ratio_invalid PASSED [ 97%]
src/tests/test_validators.py::TestValidateRatio::test_validate_ratio_valid PASSED [ 97%]
src/tests/test_validators.py::TestValidateNonNegativeNumber::test_validate_non_negative_negative PASSED [ 97%]
src/tests/test_validators.py::TestValidateNonNegativeNumber::test_validate_non_negative_valid PASSED [ 97%]
src/tests/test_validators.py::TestValidatePositiveInt::test_validate_positive_int_negative PASSED [ 97%]
src/tests/test_validators.py::TestValidatePositiveInt::test_validate_positive_int_valid PASSED [ 98%]
src/tests/test_validators.py::TestValidatePositiveInt::test_validate_positive_int_zero PASSED [ 98%]
src/tests/test_validators.py::TestValidateEmissionsValue::test_validate_emissions_value_negative PASSED [ 98%]
src/tests/test_validators.py::TestValidateEmissionsValue::test_validate_emissions_value_valid PASSED [ 98%]
src/tests/test_validators.py::TestValidateCarbonIntensity::test_validate_carbon_intensity_invalid PASSED [ 98%]
src/tests/test_validators.py::TestValidateCarbonIntensity::test_validate_carbon_intensity_valid PASSED [ 99%]
src/tests/test_validators.py::TestValidateWaterIntensity::test_validate_water_intensity_invalid PASSED [ 99%]
src/tests/test_validators.py::TestValidateWaterIntensity::test_validate_water_intensity_valid PASSED [ 99%]
src/tests/test_validators.py::TestValidateTrainingHours::test_validate_training_hours_invalid PASSED [ 99%]
src/tests/test_validators.py::TestValidateTrainingHours::test_validate_training_hours_valid PASSED [ 99%]
src/tests/test_validators.py::TestValidatePDF::test_validate_pdf_nonexistent PASSED [100%]

================================== FAILURES ===================================
____________ TestRenderAppEnhanced.test_render_app_competitor_page ____________
src\tests\test_app_enhanced_extended.py:72: in test_render_app_competitor_page
    with patch('esg.ui.app_enhanced.render_sidebar') as mock_sidebar:
..\..\AppData\Local\Programs\Python\Python39\lib\unittest\mock.py:1405: in __enter__
    original, local = self.get_original()
..\..\AppData\Local\Programs\Python\Python39\lib\unittest\mock.py:1378: in get_original
    raise AttributeError(
E   AttributeError: <module 'esg.ui.app_enhanced' from 'c:\\Users\\43480\\Desktop\\envision\\src\\esg\\ui\\app_enhanced.py'> does not have the attribute 'render_sidebar'
_______________ TestRenderAppEnhanced.test_render_app_gap_page ________________
src\tests\test_app_enhanced_extended.py:106: in test_render_app_gap_page
    with patch('esg.ui.app_enhanced.render_sidebar') as mock_sidebar:
..\..\AppData\Local\Programs\Python\Python39\lib\unittest\mock.py:1405: in __enter__
    original, local = self.get_original()
..\..\AppData\Local\Programs\Python\Python39\lib\unittest\mock.py:1378: in get_original
    raise AttributeError(
E   AttributeError: <module 'esg.ui.app_enhanced' from 'c:\\Users\\43480\\Desktop\\envision\\src\\esg\\ui\\app_enhanced.py'> does not have the attribute 'render_sidebar'
_______________ TestRenderAppEnhanced.test_render_app_home_page _______________
src\tests\test_app_enhanced_extended.py:21: in test_render_app_home_page
    with patch('esg.ui.app_enhanced.render_sidebar') as mock_sidebar:
..\..\AppData\Local\Programs\Python\Python39\lib\unittest\mock.py:1405: in __enter__
    original, local = self.get_original()
..\..\AppData\Local\Programs\Python\Python39\lib\unittest\mock.py:1378: in get_original
    raise AttributeError(
E   AttributeError: <module 'esg.ui.app_enhanced' from 'c:\\Users\\43480\\Desktop\\envision\\src\\esg\\ui\\app_enhanced.py'> does not have the attribute 'render_sidebar'
___________ TestRenderAppEnhanced.test_render_app_materiality_page ____________
src\tests\test_app_enhanced_extended.py:55: in test_render_app_materiality_page
    with patch('esg.ui.app_enhanced.render_sidebar') as mock_sidebar:
..\..\AppData\Local\Programs\Python\Python39\lib\unittest\mock.py:1405: in __enter__
    original, local = self.get_original()
..\..\AppData\Local\Programs\Python\Python39\lib\unittest\mock.py:1378: in get_original
    raise AttributeError(
E   AttributeError: <module 'esg.ui.app_enhanced' from 'c:\\Users\\43480\\Desktop\\envision\\src\\esg\\ui\\app_enhanced.py'> does not have the attribute 'render_sidebar'
_______________ TestRenderAppEnhanced.test_render_app_rag_page ________________
src\tests\test_app_enhanced_extended.py:157: in test_render_app_rag_page
    with patch('esg.ui.app_enhanced.render_sidebar') as mock_sidebar:
..\..\AppData\Local\Programs\Python\Python39\lib\unittest\mock.py:1405: in __enter__
    original, local = self.get_original()
..\..\AppData\Local\Programs\Python\Python39\lib\unittest\mock.py:1378: in get_original
    raise AttributeError(
E   AttributeError: <module 'esg.ui.app_enhanced' from 'c:\\Users\\43480\\Desktop\\envision\\src\\esg\\ui\\app_enhanced.py'> does not have the attribute 'render_sidebar'
____________ TestRenderAppEnhanced.test_render_app_strategies_page ____________
src\tests\test_app_enhanced_extended.py:123: in test_render_app_strategies_page
    with patch('esg.ui.app_enhanced.render_sidebar') as mock_sidebar:
..\..\AppData\Local\Programs\Python\Python39\lib\unittest\mock.py:1405: in __enter__
    original, local = self.get_original()
..\..\AppData\Local\Programs\Python\Python39\lib\unittest\mock.py:1378: in get_original
    raise AttributeError(
E   AttributeError: <module 'esg.ui.app_enhanced' from 'c:\\Users\\43480\\Desktop\\envision\\src\\esg\\ui\\app_enhanced.py'> does not have the attribute 'render_sidebar'
______________ TestRenderAppEnhanced.test_render_app_timing_page ______________
src\tests\test_app_enhanced_extended.py:140: in test_render_app_timing_page
    with patch('esg.ui.app_enhanced.render_sidebar') as mock_sidebar:
..\..\AppData\Local\Programs\Python\Python39\lib\unittest\mock.py:1405: in __enter__
    original, local = self.get_original()
..\..\AppData\Local\Programs\Python\Python39\lib\unittest\mock.py:1378: in get_original
    raise AttributeError(
E   AttributeError: <module 'esg.ui.app_enhanced' from 'c:\\Users\\43480\\Desktop\\envision\\src\\esg\\ui\\app_enhanced.py'> does not have the attribute 'render_sidebar'
______________ TestRenderAppEnhanced.test_render_app_topics_page ______________
src\tests\test_app_enhanced_extended.py:38: in test_render_app_topics_page
    with patch('esg.ui.app_enhanced.render_sidebar') as mock_sidebar:
..\..\AppData\Local\Programs\Python\Python39\lib\unittest\mock.py:1405: in __enter__
    original, local = self.get_original()
..\..\AppData\Local\Programs\Python\Python39\lib\unittest\mock.py:1378: in get_original
    raise AttributeError(
E   AttributeError: <module 'esg.ui.app_enhanced' from 'c:\\Users\\43480\\Desktop\\envision\\src\\esg\\ui\\app_enhanced.py'> does not have the attribute 'render_sidebar'
_____________ TestRenderAppEnhanced.test_render_app_unknown_page ______________
src\tests\test_app_enhanced_extended.py:174: in test_render_app_unknown_page
    with patch('esg.ui.app_enhanced.render_sidebar') as mock_sidebar:
..\..\AppData\Local\Programs\Python\Python39\lib\unittest\mock.py:1405: in __enter__
    original, local = self.get_original()
..\..\AppData\Local\Programs\Python\Python39\lib\unittest\mock.py:1378: in get_original
    raise AttributeError(
E   AttributeError: <module 'esg.ui.app_enhanced' from 'c:\\Users\\43480\\Desktop\\envision\\src\\esg\\ui\\app_enhanced.py'> does not have the attribute 'render_sidebar'
_____________ TestRenderAppEnhanced.test_render_app_weights_page ______________
src\tests\test_app_enhanced_extended.py:89: in test_render_app_weights_page
    with patch('esg.ui.app_enhanced.render_sidebar') as mock_sidebar:
..\..\AppData\Local\Programs\Python\Python39\lib\unittest\mock.py:1405: in __enter__
    original, local = self.get_original()
..\..\AppData\Local\Programs\Python\Python39\lib\unittest\mock.py:1378: in get_original
    raise AttributeError(
E   AttributeError: <module 'esg.ui.app_enhanced' from 'c:\\Users\\43480\\Desktop\\envision\\src\\esg\\ui\\app_enhanced.py'> does not have the attribute 'render_sidebar'
________ TestGapAnalyzerDimensionGap.test_analyze_dimension_gap_basic _________
src\tests\test_gap_analyzer_extended.py:53: in test_analyze_dimension_gap_basic
    self.assertEqual(result[0].dimension, "E")
E   KeyError: 0
__________ TestIndicatorScoringRules.test_calculate_indicator_scores __________
src\tests\test_gap_analyzer_extended.py:303: in test_calculate_indicator_scores
    scores = analyzer._calculate_indicator_scores(metrics)
src\esg\analysis\gap_analyzer.py:508: in _calculate_indicator_scores
    score = self._compute_score_from_rule(value, rule, metrics)
src\esg\analysis\gap_analyzer.py:536: in _compute_score_from_rule
    if value <= excellent:
E   TypeError: '<=' not supported between instances of 'MagicMock' and 'int'
___________________ TestRenderGapCard.test_render_gap_card ____________________
src\tests\test_ui_components_extended.py:207: in test_render_gap_card
    render_gap_card(data)
src\esg\ui\components.py:232: in render_gap_card
    col1, col2 = st.columns([3, 1])
E   ValueError: too many values to unpack (expected 2)
---------------------------- Captured stderr call -----------------------------
2026-02-16 15:59:20.872 Thread 'MainThread': missing ScriptRunContext! This warning can be ignored when running in bare mode.
____________ TestGetConfidenceColor.test_get_confidence_color_low _____________
src\tests\test_ui_components_extended.py:424: in test_get_confidence_color_low
    self.assertEqual(color, "#faad14")
E   AssertionError: '#ff4d4f' != '#faad14'
E   - #ff4d4f
E   + #faad14
_______ TestRenderBusinessRiskMapping.test_render_business_risk_mapping _______
src\tests\test_ui_pages_gap_extended.py:136: in test_render_business_risk_mapping
    with patch('esg.ui.pages.gap.BusinessAlignmentMapper') as mock_mapper:
..\..\AppData\Local\Programs\Python\Python39\lib\unittest\mock.py:1405: in __enter__
    original, local = self.get_original()
..\..\AppData\Local\Programs\Python\Python39\lib\unittest\mock.py:1378: in get_original
    raise AttributeError(
E   AttributeError: <module 'esg.ui.pages.gap' from 'c:\\Users\\43480\\Desktop\\envision\\src\\esg\\ui\\pages\\gap.py'> does not have the attribute 'BusinessAlignmentMapper'
____ TestRenderBusinessRiskMapping.test_render_business_risk_mapping_error ____
src\tests\test_ui_pages_gap_extended.py:158: in test_render_business_risk_mapping_error
    with patch('esg.ui.pages.gap.BusinessAlignmentMapper') as mock_mapper:
..\..\AppData\Local\Programs\Python\Python39\lib\unittest\mock.py:1405: in __enter__
    original, local = self.get_original()
..\..\AppData\Local\Programs\Python\Python39\lib\unittest\mock.py:1378: in get_original
    raise AttributeError(
E   AttributeError: <module 'esg.ui.pages.gap' from 'c:\\Users\\43480\\Desktop\\envision\\src\\esg\\ui\\pages\\gap.py'> does not have the attribute 'BusinessAlignmentMapper'
_________ TestRenderComplianceChecker.test_render_compliance_checker __________
src\tests\test_ui_pages_gap_extended.py:191: in test_render_compliance_checker
    with patch('esg.ui.pages.gap.ComplianceChecker') as mock_checker:
..\..\AppData\Local\Programs\Python\Python39\lib\unittest\mock.py:1405: in __enter__
    original, local = self.get_original()
..\..\AppData\Local\Programs\Python\Python39\lib\unittest\mock.py:1378: in get_original
    raise AttributeError(
E   AttributeError: <module 'esg.ui.pages.gap' from 'c:\\Users\\43480\\Desktop\\envision\\src\\esg\\ui\\pages\\gap.py'> does not have the attribute 'ComplianceChecker'
____________ TestRenderPdfUpload.test_render_pdf_upload_with_file _____________
..\..\AppData\Local\Programs\Python\Python39\lib\unittest\mock.py:1227: in _dot_lookup
    return getattr(thing, comp)
E   AttributeError: module 'streamlit' has no attribute 'tempfile'

During handling of the above exception, another exception occurred:
src\tests\test_ui_pages_home.py:95: in test_render_pdf_upload_with_file
    with patch('streamlit.tempfile.NamedTemporaryFile'):
..\..\AppData\Local\Programs\Python\Python39\lib\unittest\mock.py:1389: in __enter__
    self.target = self.getter()
..\..\AppData\Local\Programs\Python\Python39\lib\unittest\mock.py:1564: in <lambda>
    getter = lambda: _importer(target)
..\..\AppData\Local\Programs\Python\Python39\lib\unittest\mock.py:1240: in _importer
    thing = _dot_lookup(thing, comp, import_path)
..\..\AppData\Local\Programs\Python\Python39\lib\unittest\mock.py:1229: in _dot_lookup
    __import__(import_path)
E   ModuleNotFoundError: No module named 'streamlit.tempfile'
_______________ TestGenerateReport.test_generate_report_chinese _______________
src\tests\test_ui_pages_strategies_extended.py:132: in test_generate_report_chinese
    with patch('esg.ui.pages.strategies.ReportGenerator') as mock_gen:
..\..\AppData\Local\Programs\Python\Python39\lib\unittest\mock.py:1405: in __enter__
    original, local = self.get_original()
..\..\AppData\Local\Programs\Python\Python39\lib\unittest\mock.py:1378: in get_original
    raise AttributeError(
E   AttributeError: <module 'esg.ui.pages.strategies' from 'c:\\Users\\43480\\Desktop\\envision\\src\\esg\\ui\\pages\\strategies.py'> does not have the attribute 'ReportGenerator'
______ TestRenderStrategiesPage.test_render_strategies_page_without_gap _______
..\..\AppData\Local\Programs\Python\Python39\lib\unittest\mock.py:876: in assert_called
    raise AssertionError(msg)
E   AssertionError: Expected 'render_empty_state' to have been called.

During handling of the above exception, another exception occurred:
src\tests\test_ui_pages_strategies_full.py:152: in test_render_strategies_page_without_gap
    mock_empty.assert_called()
E   AssertionError: Expected 'render_empty_state' to have been called.
---------------------------- Captured stderr call -----------------------------
2026-02-16 15:59:22.595 Thread 'MainThread': missing ScriptRunContext! This warning can be ignored when running in bare mode.
2026-02-16 15:59:22.595 Thread 'MainThread': missing ScriptRunContext! This warning can be ignored when running in bare mode.
2026-02-16 15:59:22.595 Thread 'MainThread': missing ScriptRunContext! This warning can be ignored when running in bare mode.
2026-02-16 15:59:22.596 Thread 'MainThread': missing ScriptRunContext! This warning can be ignored when running in bare mode.
2026-02-16 15:59:22.596 Thread 'MainThread': missing ScriptRunContext! This warning can be ignored when running in bare mode.
2026-02-16 15:59:22.596 Thread 'MainThread': missing ScriptRunContext! This warning can be ignored when running in bare mode.
2026-02-16 15:59:22.596 Thread 'MainThread': missing ScriptRunContext! This warning can be ignored when running in bare mode.
2026-02-16 15:59:22.596 Thread 'MainThread': missing ScriptRunContext! This warning can be ignored when running in bare mode.
____ TestRenderStrategiesPage.test_render_strategies_page_without_metrics _____
..\..\AppData\Local\Programs\Python\Python39\lib\unittest\mock.py:876: in assert_called
    raise AssertionError(msg)
E   AssertionError: Expected 'render_empty_state' to have been called.

During handling of the above exception, another exception occurred:
src\tests\test_ui_pages_strategies_full.py:129: in test_render_strategies_page_without_metrics
    mock_empty.assert_called()
E   AssertionError: Expected 'render_empty_state' to have been called.
---------------------------- Captured stderr call -----------------------------
2026-02-16 15:59:22.644 Thread 'MainThread': missing ScriptRunContext! This warning can be ignored when running in bare mode.
2026-02-16 15:59:22.644 Thread 'MainThread': missing ScriptRunContext! This warning can be ignored when running in bare mode.
2026-02-16 15:59:22.644 Thread 'MainThread': missing ScriptRunContext! This warning can be ignored when running in bare mode.
2026-02-16 15:59:22.644 Thread 'MainThread': missing ScriptRunContext! This warning can be ignored when running in bare mode.
2026-02-16 15:59:22.644 Thread 'MainThread': missing ScriptRunContext! This warning can be ignored when running in bare mode.
2026-02-16 15:59:22.645 Thread 'MainThread': missing ScriptRunContext! This warning can be ignored when running in bare mode.
2026-02-16 15:59:22.645 Thread 'MainThread': missing ScriptRunContext! This warning can be ignored when running in bare mode.
2026-02-16 15:59:22.645 Thread 'MainThread': missing ScriptRunContext! This warning can be ignored when running in bare mode.
___________ TestGenerateReport.test_generate_report_multi_language ____________
src\tests\test_ui_pages_strategies_full.py:394: in test_generate_report_multi_language
    with patch('esg.ui.pages.strategies.ReportGenerator') as mock_gen_cls:
..\..\AppData\Local\Programs\Python\Python39\lib\unittest\mock.py:1405: in __enter__
    original, local = self.get_original()
..\..\AppData\Local\Programs\Python\Python39\lib\unittest\mock.py:1378: in get_original
    raise AttributeError(
E   AttributeError: <module 'esg.ui.pages.strategies' from 'c:\\Users\\43480\\Desktop\\envision\\src\\esg\\ui\\pages\\strategies.py'> does not have the attribute 'ReportGenerator'
_________ TestGenerateReport.test_generate_report_single_language_en __________
src\tests\test_ui_pages_strategies_full.py:350: in test_generate_report_single_language_en
    with patch('esg.ui.pages.strategies.ReportGenerator') as mock_gen_cls:
..\..\AppData\Local\Programs\Python\Python39\lib\unittest\mock.py:1405: in __enter__
    original, local = self.get_original()
..\..\AppData\Local\Programs\Python\Python39\lib\unittest\mock.py:1378: in get_original
    raise AttributeError(
E   AttributeError: <module 'esg.ui.pages.strategies' from 'c:\\Users\\43480\\Desktop\\envision\\src\\esg\\ui\\pages\\strategies.py'> does not have the attribute 'ReportGenerator'
_________ TestGenerateReport.test_generate_report_single_language_zh __________
src\tests\test_ui_pages_strategies_full.py:303: in test_generate_report_single_language_zh
    with patch('esg.ui.pages.strategies.ReportGenerator') as mock_gen_cls:
..\..\AppData\Local\Programs\Python\Python39\lib\unittest\mock.py:1405: in __enter__
    original, local = self.get_original()
..\..\AppData\Local\Programs\Python\Python39\lib\unittest\mock.py:1378: in get_original
    raise AttributeError(
E   AttributeError: <module 'esg.ui.pages.strategies' from 'c:\\Users\\43480\\Desktop\\envision\\src\\esg\\ui\\pages\\strategies.py'> does not have the attribute 'ReportGenerator'
=============================== tests coverage ================================
_______________ coverage: platform win32, python 3.9.0-final-0 ________________

Name                                      Stmts   Miss  Cover   Missing
-----------------------------------------------------------------------
src\esg\__init__.py                           3      0   100%
src\esg\analysis\__init__.py                  4      0   100%
src\esg\analysis\business_mapper.py         103     26    75%   28, 32, 36, 57, 102-121, 132-136, 201-210, 279-284
src\esg\analysis\competitor_analyzer.py     126     34    73%   65-68, 72-74, 103-109, 150-154, 163-182, 200-208, 229-231, 279-280, 322, 336, 361-369
src\esg\analysis\gap_analyzer.py            323    153    53%   57, 62, 67, 141-144, 288, 339, 381-417, 502, 506, 509-512, 537, 539, 543-544, 549-584, 591-610, 614-627, 631-636, 640-651, 655-660, 664-676, 680-687, 748, 751-770, 789, 811, 821
src\esg\analysis\materiality_matrix.py       82     13    84%   30-33, 118-121, 212-223
src\esg\analysis\strategy_generator.py      144     38    74%   907-932, 1021-1023, 1057-1065, 1085-1119, 1247-1250, 1296, 1302, 1305-1308
src\esg\analysis\timing_advisor.py          102      5    95%   194, 261, 266-267, 279
src\esg\analysis\topic_analyzer.py           91     13    86%   37-42, 99-102, 115, 120, 189, 221
src\esg\completion\__init__.py                3      0   100%
src\esg\completion\data_completion.py       119      9    92%   145, 249, 304, 343-344, 351-352, 359-360
src\esg\completion\report_generator.py      398    106    73%   140-158, 200-201, 205-210, 401-403, 412, 414, 416, 426-446, 581-583, 635-641, 734-742, 828-830, 835, 886-887, 908-909, 940, 971-973, 977-979, 1084-1085, 1098, 1129-1147, 1165-1193, 1197-1212, 1222-1235, 1239-1241, 1252-1261
src\esg\config\__init__.py                    7      0   100%
src\esg\config\base.py                       23      0   100%
src\esg\config\communication.py               2      0   100%
src\esg\config\esg.py                        19      0   100%
src\esg\config\evaluation.py                  3      0   100%
src\esg\config\logging_config.py             44      6    86%   61-71
src\esg\config\standards.py                   2      0   100%
src\esg\config\visualization.py              11      0   100%
src\esg\core\__init__.py                      5      0   100%
src\esg\core\compliance_checker.py          338    116    66%   519-527, 542-546, 563, 606, 619-632, 646, 663-667, 680-684, 735-736, 828, 833, 864, 866, 872, 876, 937, 1039-1084, 1118, 1142, 1389-1391, 1403-1413, 1425-1429, 1434, 1439, 1444, 1562, 1567, 1578, 1587-1593, 1599-1630, 1636-1648, 1665
src\esg\core\constants.py                    45      0   100%
src\esg\core\models.py                      469    137    71%   132, 325-336, 348-355, 364, 380-393, 406-416, 435-448, 460-466, 594, 632, 634, 636, 645-654, 657, 688-692, 695, 715, 742-752, 758-768, 779, 782-785, 790, 813, 821, 823, 837-842, 845, 868-872, 878, 902, 910-915, 918, 944, 952-954, 957, 988-994, 997, 1009-1018, 1029-1070, 1091-1105, 1150, 1200-1202, 1210, 1218
src\esg\core\scoring.py                     129      3    98%   452, 468, 473
src\esg\extraction\__init__.py                3      0   100%
src\esg\extraction\metric_extractor.py      113     52    54%   69, 73, 77-79, 473, 486-487, 508, 516-519, 540-569, 585-600, 614-623, 644-661
src\esg\extraction\multilingual.py          123     41    67%   144, 163-173, 213, 251, 257, 311-316, 324-341, 347-353, 362-367, 391-392, 408-414, 432-438
src\esg\extraction\pdf_extractor.py         154     12    92%   30-31, 36, 213-224, 230
src\esg\fusion\__init__.py                    2      0   100%
src\esg\fusion\ahp.py                       214     68    68%   97, 102, 107, 109, 111, 142, 145, 149, 155, 178, 181, 186, 190-206, 283, 307, 311, 328-332, 340, 363, 373, 400-474
src\esg\rag\__init__.py                       3      0   100%
src\esg\rag\chat_history.py                  27      1    96%   67
src\esg\rag\engine.py                       116     32    72%   63-67, 80, 154-179, 242-245, 262-274
src\esg\ui\__init__.py                        3      0   100%
src\esg\ui\app_config.py                      5      0   100%
src\esg\ui\app_enhanced.py                   28     17    39%   53-70
src\esg\ui\components.py                    297     50    83%   125, 129, 233-251, 296-311, 360, 373-448, 752, 754, 924
src\esg\ui\navigation.py                     25      4    84%   46-47, 78-79
src\esg\ui\pages\__init__.py                 10      0   100%
src\esg\ui\pages\competitor.py               68     36    47%   26-28, 52-93, 105-111, 120-121
src\esg\ui\pages\gap.py                     160    102    36%   42-176, 244-249, 254-256, 272-358
src\esg\ui\pages\home.py                    183     72    61%   118-120, 133-204, 221-222, 227-231, 287-309, 343, 369-413
src\esg\ui\pages\materiality.py              60     14    77%   27-29, 141-166
src\esg\ui\pages\rag.py                      65     25    62%   30-33, 36-39, 58-59, 79-82, 111-135
src\esg\ui\pages\strategies.py              114     89    22%   37-38, 49-175, 201-266
src\esg\ui\pages\timing.py                   63     25    60%   25-27, 77, 111-176
src\esg\ui\pages\topics.py                   49      3    94%   26-28
src\esg\ui\pages\weights.py                  75      3    96%   199, 211-212
src\esg\ui\state.py                         106     24    77%   113-115, 129, 138, 152, 156, 176, 180, 184, 188, 192, 196, 200, 210, 214, 218, 222, 232, 240, 246, 250, 254, 258
src\esg\ui\utils\__init__.py                  3      0   100%
src\esg\ui\utils\data_loader.py               6      0   100%
src\esg\ui\utils\metrics.py                  12      1    92%   37
src\esg\utils\__init__.py                     2      0   100%
src\esg\utils\ollama_client.py              193     35    82%   126, 229-230, 234, 254-256, 309-311, 363-365, 403, 430-432, 465-475, 486-493
src\esg\utils\validators.py                 231     98    58%   36, 40, 44, 51, 59-62, 77, 83-86, 96, 111, 115, 118-119, 122, 125, 131, 146, 152, 171-186, 200, 204, 207-208, 211, 214, 236, 240, 243-244, 247, 250, 253, 272, 276, 279-280, 299, 303, 306-307, 310, 313, 331, 340, 347, 363, 367, 370-371, 374, 377, 419, 423, 426-427, 430, 436, 488-514, 526-538
src\esg\vector_store\__init__.py              3      0   100%
src\esg\vector_store\chroma_store.py        210     72    66%   14-15, 53-60, 117, 129-130, 139, 145, 152-154, 211-212, 215, 238, 266-271, 277, 287-289, 329-330, 333-334, 349, 372-380, 397-399, 408, 413-415, 451-452, 467-492
src\esg\vector_store\document_loader.py     159     26    84%   115, 138, 201-235, 324, 329, 355, 363-366, 369-371
-----------------------------------------------------------------------
TOTAL                                      5480   1561    72%
=========================== short test summary info ===========================
SKIPPED [1] src\tests\test_gap_analyzer.py:84: 需要真实ESGMetrics对象
SKIPPED [1] src\tests\test_gap_analyzer.py:102: 需要真实ESGMetrics对象
SKIPPED [1] src\tests\test_metric_extractor.py:35: 需要了解extract_batch的具体API
SKIPPED [1] src\tests\test_multilingual.py:26: 需要修复API调用方式
SKIPPED [1] src\tests\test_strategy_generator.py:32: 需要更复杂的Mock设置
SKIPPED [1] src\tests\test_strategy_generator.py:39: 需要更复杂的Mock设置
SKIPPED [1] src\tests\test_timing_advisor.py:54: 需要了解TimingSuggestion的具体结构
SKIPPED [1] src\tests\test_timing_advisor.py:59: 需要了解TimingSuggestion的具体结构
FAILED src/tests/test_app_enhanced_extended.py::TestRenderAppEnhanced::test_render_app_competitor_page
FAILED src/tests/test_app_enhanced_extended.py::TestRenderAppEnhanced::test_render_app_gap_page
FAILED src/tests/test_app_enhanced_extended.py::TestRenderAppEnhanced::test_render_app_home_page
FAILED src/tests/test_app_enhanced_extended.py::TestRenderAppEnhanced::test_render_app_materiality_page
FAILED src/tests/test_app_enhanced_extended.py::TestRenderAppEnhanced::test_render_app_rag_page
FAILED src/tests/test_app_enhanced_extended.py::TestRenderAppEnhanced::test_render_app_strategies_page
FAILED src/tests/test_app_enhanced_extended.py::TestRenderAppEnhanced::test_render_app_timing_page
FAILED src/tests/test_app_enhanced_extended.py::TestRenderAppEnhanced::test_render_app_topics_page
FAILED src/tests/test_app_enhanced_extended.py::TestRenderAppEnhanced::test_render_app_unknown_page
FAILED src/tests/test_app_enhanced_extended.py::TestRenderAppEnhanced::test_render_app_weights_page
FAILED src/tests/test_gap_analyzer_extended.py::TestGapAnalyzerDimensionGap::test_analyze_dimension_gap_basic
FAILED src/tests/test_gap_analyzer_extended.py::TestIndicatorScoringRules::test_calculate_indicator_scores
FAILED src/tests/test_ui_components_extended.py::TestRenderGapCard::test_render_gap_card
FAILED src/tests/test_ui_components_extended.py::TestGetConfidenceColor::test_get_confidence_color_low
FAILED src/tests/test_ui_pages_gap_extended.py::TestRenderBusinessRiskMapping::test_render_business_risk_mapping
FAILED src/tests/test_ui_pages_gap_extended.py::TestRenderBusinessRiskMapping::test_render_business_risk_mapping_error
FAILED src/tests/test_ui_pages_gap_extended.py::TestRenderComplianceChecker::test_render_compliance_checker
FAILED src/tests/test_ui_pages_home.py::TestRenderPdfUpload::test_render_pdf_upload_with_file
FAILED src/tests/test_ui_pages_strategies_extended.py::TestGenerateReport::test_generate_report_chinese
FAILED src/tests/test_ui_pages_strategies_full.py::TestRenderStrategiesPage::test_render_strategies_page_without_gap
FAILED src/tests/test_ui_pages_strategies_full.py::TestRenderStrategiesPage::test_render_strategies_page_without_metrics
FAILED src/tests/test_ui_pages_strategies_full.py::TestGenerateReport::test_generate_report_multi_language
FAILED src/tests/test_ui_pages_strategies_full.py::TestGenerateReport::test_generate_report_single_language_en
FAILED src/tests/test_ui_pages_strategies_full.py::TestGenerateReport::test_generate_report_single_language_zh
================= 24 failed, 508 passed, 8 skipped in 32.66s ==================
